TESTS: 144 checks, 0 failures
